******************************************************************************
                  TI ARM Linker PC v20.2.0                     
******************************************************************************
>> Linked Tue May 19 09:32:45 2020

OUTPUT FILE NAME:   <Experimento2.out>
ENTRY POINT SYMBOL: "_c_int00_noargs"  address: 0000094d


MEMORY CONFIGURATION

         name            origin    length      used     unused   attr    fill
----------------------  --------  ---------  --------  --------  ----  --------
  FLASH                 00000000   00040000  00000b9e  0003f462  R  X
  SRAM                  20000000   00008000  00000205  00007dfb  RW X


SEGMENT ALLOCATION MAP

run origin  load origin   length   init length attrs members
----------  ----------- ---------- ----------- ----- -------
00000000    00000000    00000ba4   00000ba4    r-x
  00000000    00000000    0000026c   0000026c    r-- .intvecs
  0000026c    0000026c    00000842   00000842    r-x .text
  00000ab0    00000ab0    000000dc   000000dc    r-- .const
  00000b90    00000b90    00000014   00000014    r-- .cinit
20000000    20000000    00000205   00000000    rw-
  20000000    20000000    00000200   00000000    rw- .stack
  20000200    20000200    00000005   00000000    rw- .bss


SECTION ALLOCATION MAP

 output                                  attributes/
section   page    origin      length       input sections
--------  ----  ----------  ----------   ----------------
.intvecs   0    00000000    0000026c     
                  00000000    0000026c     tm4c123gh6pm_startup_ccs.obj (.intvecs)

.text      0    0000026c    00000842     
                  0000026c    00000220     main.obj (.text)
                  0000048c    00000132     driverlib.lib : gpio.obj (.text:GPIOPadConfigSet)
                  000005be    00000002     --HOLE-- [fill = 0]
                  000005c0    00000110                   : sysctl.obj (.text:SysCtlClockGet)
                  000006d0    000000f4                   : sysctl.obj (.text:SysCtlClockSet)
                  000007c4    00000068                   : interrupt.obj (.text:IntEnable)
                  0000082c    00000060                   : timer.obj (.text:TimerConfigure)
                  0000088c    00000046                   : uart.obj (.text:UARTConfigSetExpClk)
                  000008d2    00000002     --HOLE-- [fill = 0]
                  000008d4    00000044     rtsv7M4_T_le_v4SPD16_eabi.lib : autoinit.c.obj (.text:__TI_auto_init_nobinit_nopinit:__TI_auto_init_nobinit_nopinit)
                  00000918    00000034     driverlib.lib : sysctl.obj (.text:SysCtlPeripheralEnable)
                  0000094c    00000034     rtsv7M4_T_le_v4SPD16_eabi.lib : boot_cortex_m.c.obj (.text:_c_int00_noargs:_c_int00_noargs)
                  00000980    0000002a     driverlib.lib : gpio.obj (.text:GPIODirModeSet)
                  000009aa    00000002     --HOLE-- [fill = 0]
                  000009ac    00000020                   : uart.obj (.text:UARTDisable)
                  000009cc    0000001c     rtsv7M4_T_le_v4SPD16_eabi.lib : copy_zero_init.c.obj (.text:decompress:ZI:__TI_zero_init_nomemset:__TI_zero_init_nomemset)
                  000009e8    00000018     driverlib.lib : gpio.obj (.text:GPIOPinTypeGPIOOutput)
                  00000a00    00000014                   : uart.obj (.text:UARTEnable)
                  00000a14    00000012                   : gpio.obj (.text:GPIOPinTypeUART)
                  00000a26    00000012                   : timer.obj (.text:TimerLoadSet)
                  00000a38    00000010                   : interrupt.obj (.text:IntMasterEnable)
                  00000a48    0000000e                   : timer.obj (.text:TimerEnable)
                  00000a56    0000000c                   : cpu.obj (.text:CPUcpsie)
                  00000a62    0000000c     tm4c123gh6pm_startup_ccs.obj (.text)
                  00000a6e    0000000a     driverlib.lib : uart.obj (.text:UARTCharGet)
                  00000a78    0000000a                   : uart.obj (.text:UARTCharPut)
                  00000a82    00000008                   : timer.obj (.text:TimerIntEnable)
                  00000a8a    00000008                   : uart.obj (.text:UARTIntEnable)
                  00000a92    00000006                   : gpio.obj (.text:GPIOPinWrite)
                  00000a98    00000006                   : sysctl.obj (.text:SysCtlDelay)
                  00000a9e    00000004                   : timer.obj (.text:TimerIntClear)
                  00000aa2    00000004                   : uart.obj (.text:UARTIntClear)
                  00000aa6    00000004     rtsv7M4_T_le_v4SPD16_eabi.lib : pre_init.c.obj (.text:_system_pre_init)
                  00000aaa    00000004                                   : exit.c.obj (.text:abort:abort)

.const     0    00000ab0    000000dc     
                  00000ab0    00000070     driverlib.lib : interrupt.obj (.const)
                  00000b20    0000006c                   : sysctl.obj (.const:g_pui32Xtals)

.cinit     0    00000b90    00000014     
                  00000b90    00000008     (.cinit..bss.load) [load image, compression = zero_init]
                  00000b98    00000004     (__TI_handler_table)
                  00000b9c    00000008     (__TI_cinit_table)

.init_array 
*          0    00000000    00000000     UNINITIALIZED

.bss       0    20000200    00000005     UNINITIALIZED
                  20000200    00000001     (.common:BLUE)
                  20000201    00000001     (.common:GREEN)
                  20000202    00000001     (.common:LED)
                  20000203    00000001     (.common:RED)
                  20000204    00000001     (.common:state)

.stack     0    20000000    00000200     UNINITIALIZED
                  20000000    00000004     rtsv7M4_T_le_v4SPD16_eabi.lib : boot_cortex_m.c.obj (.stack)
                  20000004    000001fc     --HOLE--

__llvm_prf_cnts 
*          0    20000000    00000000     UNINITIALIZED

MODULE SUMMARY

       Module                         code   ro data   rw data
       ------                         ----   -------   -------
    .\
       tm4c123gh6pm_startup_ccs.obj   12     620       0      
       main.obj                       544    0         5      
    +--+------------------------------+------+---------+---------+
       Total:                         556    620       5      
                                                              
    C:/ti/TivaWare_C_Series-2.1.4.178/driverlib/ccs/Debug/driverlib.lib
       sysctl.obj                     574    108       0      
       gpio.obj                       396    0         0      
       interrupt.obj                  120    112       0      
       uart.obj                       154    0         0      
       timer.obj                      140    0         0      
       cpu.obj                        12     0         0      
    +--+------------------------------+------+---------+---------+
       Total:                         1396   220       0      
                                                              
    C:\ti\ccs1000\ccs\tools\compiler\ti-cgt-arm_20.2.0.LTS\lib\rtsv7M4_T_le_v4SPD16_eabi.lib
       autoinit.c.obj                 68     0         0      
       boot_cortex_m.c.obj            52     0         0      
       copy_zero_init.c.obj           28     0         0      
       exit.c.obj                     4      0         0      
       pre_init.c.obj                 4      0         0      
    +--+------------------------------+------+---------+---------+
       Total:                         156    0         0      
                                                              
       Stack:                         0      0         512    
       Linker Generated:              0      20        0      
    +--+------------------------------+------+---------+---------+
       Grand Total:                   2108   860       517    


LINKER GENERATED COPY TABLES

__TI_cinit_table @ 00000b9c records: 1, size/record: 8, table size: 8
	.bss: load addr=00000b90, load size=00000008 bytes, run addr=20000200, run size=00000005 bytes, compression=zero_init


LINKER GENERATED HANDLER TABLE

__TI_handler_table @ 00000b98 records: 1, size/record: 4, table size: 4
	index: 0, handler: __TI_zero_init


GLOBAL SYMBOLS: SORTED ALPHABETICALLY BY Name 

address   name                          
-------   ----                          
20000200  BLUE                          
00000aab  C$$EXIT                       
00000a57  CPUcpsie                      
00000981  GPIODirModeSet                
0000048d  GPIOPadConfigSet              
000009e9  GPIOPinTypeGPIOOutput         
00000a15  GPIOPinTypeUART               
00000a93  GPIOPinWrite                  
20000201  GREEN                         
000007c5  IntEnable                     
00000a39  IntMasterEnable               
20000202  LED                           
20000203  RED                           
00000a63  ResetISR                      
000005c1  SysCtlClockGet                
000006d1  SysCtlClockSet                
00000a99  SysCtlDelay                   
00000919  SysCtlPeripheralEnable        
0000026d  Timer0Init                    
000002a9  Timer0IntHandler              
0000082d  TimerConfigure                
00000a49  TimerEnable                   
00000a9f  TimerIntClear                 
00000a83  TimerIntEnable                
00000a27  TimerLoadSet                  
000003e9  UART0IntHandler               
00000a6f  UARTCharGet                   
00000a79  UARTCharPut                   
0000088d  UARTConfigSetExpClk           
000009ad  UARTDisable                   
00000a01  UARTEnable                    
00000329  UARTInit                      
00000aa3  UARTIntClear                  
00000a8b  UARTIntEnable                 
20000200  __STACK_END                   
00000200  __STACK_SIZE                  
20000200  __STACK_TOP                   
00000b9c  __TI_CINIT_Base               
00000ba4  __TI_CINIT_Limit              
00000b98  __TI_Handler_Table_Base       
00000b9c  __TI_Handler_Table_Limit      
000008d5  __TI_auto_init_nobinit_nopinit
ffffffff  __TI_pprof_out_hndl           
ffffffff  __TI_prof_data_size           
ffffffff  __TI_prof_data_start          
00000000  __TI_static_base__            
000009cd  __TI_zero_init_nomemset       
ffffffff  __binit__                     
ffffffff  __c_args__                    
UNDEFED   __mpu_init                    
20000000  __stack                       
20000000  __start___llvm_prf_cnts       
20000000  __stop___llvm_prf_cnts        
0000094d  _c_int00_noargs               
UNDEFED   _system_post_cinit            
00000aa7  _system_pre_init              
00000aab  abort                         
ffffffff  binit                         
00000000  g_pfnVectors                  
00000439  main                          
20000204  state                         


GLOBAL SYMBOLS: SORTED BY Symbol Address 

address   name                          
-------   ----                          
00000000  __TI_static_base__            
00000000  g_pfnVectors                  
00000200  __STACK_SIZE                  
0000026d  Timer0Init                    
000002a9  Timer0IntHandler              
00000329  UARTInit                      
000003e9  UART0IntHandler               
00000439  main                          
0000048d  GPIOPadConfigSet              
000005c1  SysCtlClockGet                
000006d1  SysCtlClockSet                
000007c5  IntEnable                     
0000082d  TimerConfigure                
0000088d  UARTConfigSetExpClk           
000008d5  __TI_auto_init_nobinit_nopinit
00000919  SysCtlPeripheralEnable        
0000094d  _c_int00_noargs               
00000981  GPIODirModeSet                
000009ad  UARTDisable                   
000009cd  __TI_zero_init_nomemset       
000009e9  GPIOPinTypeGPIOOutput         
00000a01  UARTEnable                    
00000a15  GPIOPinTypeUART               
00000a27  TimerLoadSet                  
00000a39  IntMasterEnable               
00000a49  TimerEnable                   
00000a57  CPUcpsie                      
00000a63  ResetISR                      
00000a6f  UARTCharGet                   
00000a79  UARTCharPut                   
00000a83  TimerIntEnable                
00000a8b  UARTIntEnable                 
00000a93  GPIOPinWrite                  
00000a99  SysCtlDelay                   
00000a9f  TimerIntClear                 
00000aa3  UARTIntClear                  
00000aa7  _system_pre_init              
00000aab  C$$EXIT                       
00000aab  abort                         
00000b98  __TI_Handler_Table_Base       
00000b9c  __TI_CINIT_Base               
00000b9c  __TI_Handler_Table_Limit      
00000ba4  __TI_CINIT_Limit              
20000000  __stack                       
20000000  __start___llvm_prf_cnts       
20000000  __stop___llvm_prf_cnts        
20000200  BLUE                          
20000200  __STACK_END                   
20000200  __STACK_TOP                   
20000201  GREEN                         
20000202  LED                           
20000203  RED                           
20000204  state                         
ffffffff  __TI_pprof_out_hndl           
ffffffff  __TI_prof_data_size           
ffffffff  __TI_prof_data_start          
ffffffff  __binit__                     
ffffffff  __c_args__                    
ffffffff  binit                         
UNDEFED   __mpu_init                    
UNDEFED   _system_post_cinit            

[61 symbols]
